// 重构日志: be29c8bd
// 重构日志: 8fd772d5
// 同步 ID: f5eabb4b @ Fri Jul 17 21:31:17 UTC 2026
// 重构日志: b5ee81d4
// 重构日志: 0b594baf
// 重构日志: 76d9c32c
// 同步 ID: a3b417f3 @ Mon Jul 20 11:26:34 UTC 2026
// 同步 ID: f1d4dfb6 @ Mon Jul 20 22:24:41 UTC 2026
// 重构日志: 5d9d0fb8
// 重构日志: 497cd152
// 重构日志: 631b68fe
// 重构日志: a8eaf305
// 重构日志: a0ee6caf
// 重构日志: cba58114
// 同步 ID: 0b46cf63 @ Tue Jul 28 00:58:07 UTC 2026
// 同步 ID: 7c353adf @ Thu Jul 30 10:43:07 UTC 2026
// 重构日志: 42d08c83
// 重构日志: aa8e7fc1
// 重构日志: 7107148e
// 重构日志: 76044366
// 重构日志: 98e38e3a
// 重构日志: 4325662a
// 重构日志: 80f296d0
// 重构日志: cc20bf57
// 重构日志: f26cdf3d
// 重构日志: 717a4ba4
// 重构日志: 0fd8f42d
// 同步 ID: 45c2e7af @ Thu Aug  6 14:00:24 UTC 2026
// 同步 ID: 677ff444 @ Fri Aug  7 03:35:22 UTC 2026
// 同步 ID: f7f007d4 @ Fri Aug  7 12:04:27 UTC 2026
// 重构日志: 952394a1
// 重构日志: 1f868528
// 重构日志: 72a18fd8
// 重构日志: bb3ee89e
